[backblue.gif]
[fade.gif]
[index.html]
[happy-green-life.eu/index.html]
[happy-green-life.eu/welcome/index.html]
[happy-green-life.eu/wp-content/plugins/bootstrap-shortcodes/css/bootstrapc82e.css]
[happy-green-life.eu/wp-content/plugins/bootstrap-shortcodes/css/shortcodesc82e.css]
[happy-green-life.eu/wp-content/plugins/ultra-content-elements/fonts/font-awesomec82e.css]
[happy-green-life.eu/wp-content/plugins/ultra-content-elements/css/globalc82e.css]
[happy-green-life.eu/wp-content/plugins/ultra-content-elements/css/shortcodesc82e.css]
[happy-green-life.eu/en/comments/feed/index.html]
[happy-green-life.eu/welcome/feed/index.html]
[happy-green-life.eu/en/feed/index.html]
[happy-green-life.eu/wp-content/plugins/ultra-content-elements/css/widgetsc82e.css]
[happy-green-life.eu/wp-content/themes/thinker/fonts/font-awesome5152.css]
[happy-green-life.eu/wp-content/themes/thinker/style5152.css]
[happy-green-life.eu/wp-content/themes/thinker/css/prettyphoto5152.css]
[happy-green-life.eu/wp-content/themes/thinker/responsive5152.css]
[happy-green-life.eu/wp-content/themes/thinker/css/screen5152.css]
[happy-green-life.eu/wp-content/themes/thinker/retina5152.css]
[happy-green-life.eu/wp-content/themes/thinker/custom5152.css]
[happy-green-life.eu/wp-content/plugins/revslider/rs-plugin/css/settingsc82e.css]
[happy-green-life.eu/wp-content/plugins/revslider/rs-plugin/css/captionsc82e.css]
[happy-green-life.eu/wp-content/themes/thinker/plugin-fixc82e.css]
[happy-green-life.eu/wp-includes/js/jquery/jquery-migrate.min1576.js]
[happy-green-life.eu/wp-content/plugins/bootstrap-shortcodes/js/initc82e.js]
[happy-green-life.eu/wp-content/themes/thinker/js/modernizerc82e.js]
[happy-green-life.eu/wp-content/plugins/bootstrap-shortcodes/js/bootstrapc82e.js]
[happy-green-life.eu/wp-includes/js/jquery/jquery4a80.js]
[happy-green-life.eu/wp-content/plugins/revslider/rs-plugin/js/jquery.themepunch.revolution.minc82e.js]
[happy-green-life.eu/xmlrpc0db0.php]
[happy-green-life.eu/wp-includes/wlwmanifest.xml]
[happy-green-life.eu/wp-content/uploads/2014/03/Favicon.png]
[happy-green-life.eu/wp-content/themes/thinker/images/backgrounds/arrow-right.png]
[happy-green-life.eu/wp-content/themes/thinker/images/backgrounds/arrow-left.png]
[happy-green-life.eu/wp-content/uploads/Logo.png]
[happy-green-life.eu/wp-content/plugins/polylang/flags/de_DE.png]
[happy-green-life.eu/wp-content/plugins/polylang/flags/en_US.png]
[happy-green-life.eu/willkommen/index.html]
[happy-green-life.eu/company/index.html]
[happy-green-life.eu/wp-content/uploads/Bild21.png]
[happy-green-life.eu/career/index.html]
[happy-green-life.eu/our-shop/index.html]
[happy-green-life.eu/wp-content/uploads/Bild2.png]
[happy-green-life.eu/blog/index.html]
[happy-green-life.eu/contact-2/index.html]
[happy-green-life.eu/wp-content/uploads/Bild17.png]
[happy-green-life.eu/wp-content/uploads/Bild5.png]
[happy-green-life.eu/wp-content/uploads/Bild11.png]
[happy-green-life.eu/wp-content/uploads/Bild9.png]
[happy-green-life.eu/wp-content/uploads/Bild8.png]
[happy-green-life.eu/wp-content/uploads/Bild4.png]
[happy-green-life.eu/wp-content/uploads/Bild6.png]
[happy-green-life.eu/wp-content/uploads/Markt.png]
[happy-green-life.eu/wp-content/uploads/company1.png]
[happy-green-life.eu/wp-content/uploads/Chance.png]
[happy-green-life.eu/wp-content/uploads/Company.png]
[happy-green-life.eu/wp-includes/js/comment-reply.minc82e.js]
[happy-green-life.eu/tipps-tricks-en/index.html]
[happy-green-life.eu/wp-content/plugins/ultra-content-elements/js/jquery-plugins5152.js]
[happy-green-life.eu/wp-content/plugins/ultra-content-elements/js/validate5152.js]
[happy-green-life.eu/books/index.html]
[happy-green-life.eu/wp-content/plugins/ultra-content-elements/js/isotope5152.js]
[happy-green-life.eu/disclaimer/index.html]
[happy-green-life.eu/wp-content/plugins/ultra-content-elements/js/custom-scripts5152.js]
[happy-green-life.eu/wp-content/themes/thinker/js/jquery-core-plugins5152.js]
[happy-green-life.eu/about-me_en/index.html]
[happy-green-life.eu/wp-content/themes/thinker/js/theme-settings5152.js]
[happy-green-life.eu/wp-content/themes/thinker/js/portfolio-sortable5152.js]
[happy-green-life.eu/wp-content/plugins/wp-retina-2x/js/retina6f3e.js]
[happy-green-life.eu/welcome/index.html]
[happy-green-life.eu/wp-content/themes/thinker/js/jquery-plugins5152.js]
[happy-green-life.eu/wp-content/plugins/bootstrap-shortcodes/fonts/glyphicons-halflings-regular.woff]
[happy-green-life.eu/wp-content/plugins/bootstrap-shortcodes/fonts/glyphicons-halflings-regular.eot]
[happy-green-life.eu/wp-content/plugins/bootstrap-shortcodes/fonts/glyphicons-halflings-regular.ttf]
[happy-green-life.eu/wp-content/plugins/bootstrap-shortcodes/fonts/glyphicons-halflings-regulard41d.eot]
[happy-green-life.eu/wp-content/plugins/bootstrap-shortcodes/css/bootstrapc82e.css]
[happy-green-life.eu/wp-content/plugins/bootstrap-shortcodes/images/glyphicons-halflings.png]
[happy-green-life.eu/wp-content/plugins/bootstrap-shortcodes/fonts/glyphicons-halflings-regular.svg]
[happy-green-life.eu/wp-content/plugins/bootstrap-shortcodes/images/glyphicons-halflings-white.png]
[happy-green-life.eu/wp-content/plugins/bootstrap-shortcodes/css/shortcodesc82e.css]
[happy-green-life.eu/wp-content/plugins/ultra-content-elements/fonts/fontawesome-webfontf77b.woff]
[happy-green-life.eu/wp-content/plugins/ultra-content-elements/fonts/fontawesome-webfontf77b.eot]
[happy-green-life.eu/wp-content/plugins/ultra-content-elements/fonts/fontawesome-webfontd41d.eot]
[happy-green-life.eu/wp-content/plugins/ultra-content-elements/fonts/fontawesome-webfontf77b.ttf]
[happy-green-life.eu/wp-content/plugins/ultra-content-elements/fonts/font-awesomec82e.css]
[happy-green-life.eu/wp-content/plugins/ultra-content-elements/images/pre.jpg]
[happy-green-life.eu/wp-content/plugins/ultra-content-elements/css/globalc82e.css]
[happy-green-life.eu/wp-content/plugins/ultra-content-elements/fonts/fontawesome-webfont.svg]
[happy-green-life.eu/wp-content/plugins/ultra-content-elements/images/ordered_list_bg.png]
[happy-green-life.eu/wp-content/plugins/ultra-content-elements/images/orderedlist_bg.jpg]
[happy-green-life.eu/wp-content/plugins/ultra-content-elements/images/heading_style2_bg.png]
[happy-green-life.eu/wp-content/plugins/ultra-content-elements/images/heading_style3_bg.png]
[happy-green-life.eu/wp-content/plugins/ultra-content-elements/images/zoom-icon2.png]
[happy-green-life.eu/wp-content/plugins/ultra-content-elements/images/link-icon2.png]
[happy-green-life.eu/wp-content/plugins/ultra-content-elements/images/services-title-bg.png]
[happy-green-life.eu/wp-content/plugins/ultra-content-elements/images/service_box_title_bg2.png]
[happy-green-life.eu/wp-content/plugins/ultra-content-elements/images/icons/amazon.png]
[happy-green-life.eu/wp-content/plugins/ultra-content-elements/images/icons/apple.png]
[happy-green-life.eu/wp-content/plugins/ultra-content-elements/images/icons/applestore.png]
[happy-green-life.eu/wp-content/plugins/ultra-content-elements/images/icons/blogger.png]
[happy-green-life.eu/wp-content/plugins/ultra-content-elements/images/icons/delicious.png]
[happy-green-life.eu/wp-content/plugins/ultra-content-elements/images/icons/deviantart.png]
[happy-green-life.eu/wp-content/plugins/ultra-content-elements/images/icons/digg.png]
[happy-green-life.eu/wp-content/plugins/ultra-content-elements/images/icons/dribble.png]
[happy-green-life.eu/wp-content/plugins/ultra-content-elements/images/icons/dropbox.png]
[happy-green-life.eu/wp-content/plugins/ultra-content-elements/images/icons/facebook.png]
[happy-green-life.eu/wp-content/plugins/ultra-content-elements/images/icons/flickr.png]
[happy-green-life.eu/wp-content/plugins/ultra-content-elements/images/icons/forrst.png]
[happy-green-life.eu/wp-content/plugins/ultra-content-elements/images/icons/google.png]
[happy-green-life.eu/wp-content/plugins/ultra-content-elements/images/icons/googleplus.png]
[happy-green-life.eu/wp-content/plugins/ultra-content-elements/images/icons/instagram.png]
[happy-green-life.eu/wp-content/plugins/ultra-content-elements/images/icons/lastfm.png]
[happy-green-life.eu/wp-content/plugins/ultra-content-elements/images/icons/linkedin.png]
[happy-green-life.eu/wp-content/plugins/ultra-content-elements/images/icons/myspace.png]
[happy-green-life.eu/wp-content/plugins/ultra-content-elements/images/icons/picasa.png]
[happy-green-life.eu/wp-content/plugins/ultra-content-elements/images/icons/pinterest.png]
[happy-green-life.eu/wp-content/plugins/ultra-content-elements/images/icons/rss.png]
[happy-green-life.eu/wp-content/plugins/ultra-content-elements/images/icons/skype.png]
[happy-green-life.eu/wp-content/plugins/ultra-content-elements/images/icons/soundcloud.png]
[happy-green-life.eu/wp-content/plugins/ultra-content-elements/images/icons/stumbleupon.png]
[happy-green-life.eu/wp-content/plugins/ultra-content-elements/images/icons/technorati.png]
[happy-green-life.eu/wp-content/plugins/ultra-content-elements/images/icons/tumblr.png]
[happy-green-life.eu/wp-content/plugins/ultra-content-elements/images/icons/twitter.png]
[happy-green-life.eu/wp-content/plugins/ultra-content-elements/images/icons/vimeo.png]
[happy-green-life.eu/wp-content/plugins/ultra-content-elements/images/icons/windows.png]
[happy-green-life.eu/wp-content/plugins/ultra-content-elements/images/icons/wordpress.png]
[happy-green-life.eu/wp-content/plugins/ultra-content-elements/images/icons/yahoo.png]
[happy-green-life.eu/wp-content/plugins/ultra-content-elements/images/icons/youtube.png]
[happy-green-life.eu/wp-content/plugins/ultra-content-elements/images/tipsy.gif]
[happy-green-life.eu/wp-content/plugins/ultra-content-elements/css/shortcodesc82e.css]
[happy-green-life.eu/wp-content/plugins/ultra-content-elements/css/widgetsc82e.css]
[happy-green-life.eu/wp-content/themes/thinker/fonts/fontawesome-webfontf77b.eot]
[happy-green-life.eu/wp-content/themes/thinker/fonts/fontawesome-webfontf77b.woff]
[happy-green-life.eu/wp-content/themes/thinker/fonts/fontawesome-webfontf77b.ttf]
[happy-green-life.eu/wp-content/themes/thinker/fonts/fontawesome-webfontd41d.eot]
[happy-green-life.eu/wp-content/themes/thinker/fonts/fontawesome-webfont.svg]
[happy-green-life.eu/wp-content/themes/thinker/fonts/font-awesome5152.css]
[happy-green-life.eu/wp-content/themes/images/pre.jpg]
[happy-green-life.eu/wp-content/themes/thinker/images/backgrounds/select_border.png]
[happy-green-life.eu/wp-content/themes/thinker/images/icons/twitter.png]
[happy-green-life.eu/wp-content/themes/thinker/images/icons/facebook.png]
[happy-green-life.eu/wp-content/themes/thinker/images/icons/youtube.png]
[happy-green-life.eu/wp-content/themes/thinker/images/icons/delicious.png]
[happy-green-life.eu/wp-content/themes/thinker/images/icons/vimeo.png]
[happy-green-life.eu/wp-content/themes/thinker/images/icons/flickr.png]
[happy-green-life.eu/wp-content/themes/thinker/images/icons/digg.png]
[happy-green-life.eu/wp-content/themes/thinker/images/icons/stumbleupon.png]
[happy-green-life.eu/wp-content/themes/thinker/images/icons/linkedin.png]
[happy-green-life.eu/wp-content/themes/thinker/images/icons/blogger.png]
[happy-green-life.eu/wp-content/themes/thinker/images/icons/technorati.png]
[happy-green-life.eu/wp-content/themes/thinker/images/icons/rss.png]
[happy-green-life.eu/wp-content/themes/thinker/images/icons/pinterest.png]
[happy-green-life.eu/wp-content/themes/thinker/images/icons/apple.png]
[happy-green-life.eu/wp-content/themes/thinker/images/icons/dropbox.png]
[happy-green-life.eu/wp-content/themes/thinker/images/icons/amazon.png]
[happy-green-life.eu/wp-content/themes/thinker/images/icons/picasa.png]
[happy-green-life.eu/wp-content/themes/thinker/images/icons/skype.png]
[happy-green-life.eu/wp-content/themes/thinker/images/icons/deviantart.png]
[happy-green-life.eu/wp-content/themes/thinker/images/icons/windows.png]
[happy-green-life.eu/wp-content/themes/thinker/images/icons/tumblr.png]
[happy-green-life.eu/wp-content/themes/thinker/images/icons/lastfm.png]
[happy-green-life.eu/wp-content/themes/thinker/images/icons/yahoo.png]
[happy-green-life.eu/wp-content/themes/thinker/images/icons/wordpress.png]
[happy-green-life.eu/wp-content/themes/thinker/images/icons/dribble.png]
[happy-green-life.eu/wp-content/themes/thinker/images/icons/forest.png]
[happy-green-life.eu/wp-content/themes/thinker/images/icons/google.png]
[happy-green-life.eu/wp-content/themes/thinker/images/icons/googleplus.png]
[happy-green-life.eu/wp-content/themes/thinker/images/icons/applestore.png]
[happy-green-life.eu/wp-content/themes/thinker/images/icons/instagram.png]
[happy-green-life.eu/wp-content/themes/thinker/images/icons/myspace.png]
[happy-green-life.eu/wp-content/themes/thinker/images/icons/soundcloud.png]
[happy-green-life.eu/wp-content/themes/thinker/images/backgrounds/small-footer-link-divider.png]
[happy-green-life.eu/wp-content/themes/thinker/images/backgrounds/zoom-icon.png]
[happy-green-life.eu/wp-content/themes/thinker/images/backgrounds/play-icon.png]
[happy-green-life.eu/wp-content/themes/thinker/images/backgrounds/link-icon.png]
[happy-green-life.eu/wp-content/themes/thinker/images/backgrounds/tipsy.gif]
[happy-green-life.eu/wp-content/themes/thinker/style5152.css]
[happy-green-life.eu/wp-content/themes/thinker/images/prettyPhoto/default/sprite.png]
[happy-green-life.eu/wp-content/themes/thinker/images/prettyPhoto/default/sprite_x.png]
[happy-green-life.eu/wp-content/themes/thinker/images/prettyPhoto/default/sprite_y.png]
[happy-green-life.eu/wp-content/themes/thinker/images/prettyPhoto/default/sprite_next.png]
[happy-green-life.eu/wp-content/themes/thinker/images/prettyPhoto/default/sprite_prev.png]
[happy-green-life.eu/wp-content/themes/thinker/images/prettyPhoto/default/default_thumb.png]
[happy-green-life.eu/wp-content/themes/thinker/images/prettyPhoto/default/loader.gif]
[happy-green-life.eu/wp-content/themes/thinker/images/prettyPhoto/light_rounded/sprite.png]
[happy-green-life.eu/wp-content/themes/thinker/images/prettyPhoto/light_rounded/btnNext.png]
[happy-green-life.eu/wp-content/themes/thinker/images/prettyPhoto/light_rounded/btnPrevious.png]
[happy-green-life.eu/wp-content/themes/thinker/images/prettyPhoto/dark_rounded/sprite.png]
[happy-green-life.eu/wp-content/themes/thinker/images/prettyPhoto/dark_rounded/contentPattern.png]
[happy-green-life.eu/wp-content/themes/thinker/images/prettyPhoto/dark_rounded/btnNext.png]
[happy-green-life.eu/wp-content/themes/thinker/images/prettyPhoto/dark_rounded/btnPrevious.png]
[happy-green-life.eu/wp-content/themes/thinker/images/prettyPhoto/dark_rounded/loader.gif]
[happy-green-life.eu/wp-content/themes/thinker/images/prettyPhoto/dark_square/loader.gif]
[happy-green-life.eu/wp-content/themes/thinker/images/prettyPhoto/dark_square/sprite.png]
[happy-green-life.eu/wp-content/themes/thinker/images/prettyPhoto/dark_square/btnNext.png]
[happy-green-life.eu/wp-content/themes/thinker/images/prettyPhoto/dark_square/btnPrevious.png]
[happy-green-life.eu/wp-content/themes/thinker/images/prettyPhoto/light_square/sprite.png]
[happy-green-life.eu/wp-content/themes/thinker/images/prettyPhoto/light_square/btnNext.png]
[happy-green-life.eu/wp-content/themes/thinker/images/prettyPhoto/light_square/btnPrevious.png]
[happy-green-life.eu/wp-content/themes/thinker/images/prettyPhoto/facebook/sprite.png]
[happy-green-life.eu/wp-content/themes/thinker/images/prettyPhoto/facebook/contentPatternTop.png]
[happy-green-life.eu/wp-content/themes/thinker/images/prettyPhoto/facebook/contentPatternLeft.png]
[happy-green-life.eu/wp-content/themes/thinker/images/prettyPhoto/facebook/contentPatternRight.png]
[happy-green-life.eu/wp-content/themes/thinker/images/prettyPhoto/facebook/loader.gif]
[happy-green-life.eu/wp-content/themes/thinker/images/prettyPhoto/facebook/btnNext.png]
[happy-green-life.eu/wp-content/themes/thinker/images/prettyPhoto/facebook/btnPrevious.png]
[happy-green-life.eu/wp-content/themes/thinker/images/prettyPhoto/facebook/contentPatternBottom.png]
[happy-green-life.eu/wp-content/themes/thinker/images/prettyPhoto/facebook/default_thumbnail.gif]
[happy-green-life.eu/wp-content/themes/thinker/images/prettyPhoto/light_rounded/loader.gif]
[happy-green-life.eu/wp-content/themes/thinker/css/prettyphoto5152.css]
[happy-green-life.eu/wp-content/themes/thinker/images/backgrounds/service_box_title_bg1.png]
[happy-green-life.eu/wp-content/themes/thinker/css/screen5152.css]
[happy-green-life.eu/wp-content/themes/thinker/responsive5152.css]
[happy-green-life.eu/wp-content/themes/thinker/images/icons/retina/amazon@2x.png]
[happy-green-life.eu/wp-content/themes/thinker/images/icons/retina/apple@2x.png]
[happy-green-life.eu/wp-content/themes/thinker/images/icons/retina/applestore@2x.png]
[happy-green-life.eu/wp-content/themes/thinker/images/icons/retina/blogger@2x.png]
[happy-green-life.eu/wp-content/themes/thinker/images/icons/retina/delicious@2x.png]
[happy-green-life.eu/wp-content/themes/thinker/images/icons/retina/deviantart@2x.png]
[happy-green-life.eu/wp-content/themes/thinker/images/icons/retina/digg@2x.png]
[happy-green-life.eu/wp-content/themes/thinker/images/icons/retina/dribble@2x.png]
[happy-green-life.eu/wp-content/themes/thinker/images/icons/retina/dropbox@2x.png]
[happy-green-life.eu/wp-content/themes/thinker/images/icons/retina/facebook@2x.png]
[happy-green-life.eu/wp-content/themes/thinker/images/icons/retina/flickr@2x.png]
[happy-green-life.eu/wp-content/themes/thinker/images/icons/retina/forrst@2x.png]
[happy-green-life.eu/wp-content/themes/thinker/images/icons/retina/google@2x.png]
[happy-green-life.eu/wp-content/themes/thinker/images/icons/retina/googleplus@2x.png]
[happy-green-life.eu/wp-content/themes/thinker/images/icons/retina/instagram@2x.png]
[happy-green-life.eu/wp-content/themes/thinker/images/icons/retina/lastfm@2x.png]
[happy-green-life.eu/wp-content/themes/thinker/images/icons/retina/linkedin@2x.png]
[happy-green-life.eu/wp-content/themes/thinker/images/icons/retina/myspace@2x.png]
[happy-green-life.eu/wp-content/themes/thinker/images/icons/retina/picasa@2x.png]
[happy-green-life.eu/wp-content/themes/thinker/images/icons/retina/pinterest@2x.png]
[happy-green-life.eu/wp-content/themes/thinker/images/icons/retina/rss@2x.png]
[happy-green-life.eu/wp-content/themes/thinker/images/icons/retina/skype@2x.png]
[happy-green-life.eu/wp-content/themes/thinker/images/icons/retina/soundcloud@2x.png]
[happy-green-life.eu/wp-content/themes/thinker/images/icons/retina/stumbleupon@2x.png]
[happy-green-life.eu/wp-content/themes/thinker/images/icons/retina/technorati@2x.png]
[happy-green-life.eu/wp-content/themes/thinker/images/icons/retina/tumblr@2x.png]
[happy-green-life.eu/wp-content/themes/thinker/images/icons/retina/twitter@2x.png]
[happy-green-life.eu/wp-content/themes/thinker/images/icons/retina/vimeo@2x.png]
[happy-green-life.eu/wp-content/themes/thinker/images/icons/retina/windows@2x.png]
[happy-green-life.eu/wp-content/themes/thinker/images/icons/retina/wordpress@2x.png]
[happy-green-life.eu/wp-content/themes/thinker/images/icons/retina/yahoo@2x.png]
[happy-green-life.eu/wp-content/themes/thinker/images/icons/retina/youtube@2x.png]
[happy-green-life.eu/wp-content/themes/thinker/images/backgrounds/retina/small-footer-link-divider@2x.png]
[happy-green-life.eu/wp-content/themes/thinker/retina5152.css]
[happy-green-life.eu/wp-content/themes/thinker/custom5152.css]
[happy-green-life.eu/wp-content/plugins/revslider/rs-plugin/assets/shadow1.png]
[happy-green-life.eu/wp-content/plugins/revslider/rs-plugin/assets/shadow2.png]
[happy-green-life.eu/wp-content/plugins/revslider/rs-plugin/assets/shadow3.png]
[happy-green-life.eu/wp-content/plugins/revslider/rs-plugin/images/gradient/g30.png]
[happy-green-life.eu/wp-content/plugins/revslider/rs-plugin/images/gradient/g40.png]
[happy-green-life.eu/wp-content/plugins/revslider/rs-plugin/assets/boxed_bgtile.png]
[happy-green-life.eu/wp-content/plugins/revslider/rs-plugin/assets/navigdots_bgtile.png]
[happy-green-life.eu/wp-content/plugins/revslider/rs-plugin/assets/bullet.png]
[happy-green-life.eu/wp-content/plugins/revslider/rs-plugin/assets/bullets.png]
[happy-green-life.eu/wp-content/plugins/revslider/rs-plugin/assets/bullets2.png]
[happy-green-life.eu/wp-content/plugins/revslider/rs-plugin/assets/bullet_boxed.png]
[happy-green-life.eu/wp-content/plugins/revslider/rs-plugin/assets/navigdots.png]
[happy-green-life.eu/wp-content/plugins/revslider/rs-plugin/assets/large_left.png]
[happy-green-life.eu/wp-content/plugins/revslider/rs-plugin/assets/large_right.png]
[happy-green-life.eu/wp-content/plugins/revslider/rs-plugin/assets/small_left.png]
[happy-green-life.eu/wp-content/plugins/revslider/rs-plugin/assets/small_right.png]
[happy-green-life.eu/wp-content/plugins/revslider/rs-plugin/assets/arrow_left.png]
[happy-green-life.eu/wp-content/plugins/revslider/rs-plugin/assets/arrow_right.png]
[happy-green-life.eu/wp-content/plugins/revslider/rs-plugin/assets/small_left_boxed.png]
[happy-green-life.eu/wp-content/plugins/revslider/rs-plugin/assets/small_right_boxed.png]
[happy-green-life.eu/wp-content/plugins/revslider/rs-plugin/assets/arrowleft.png]
[happy-green-life.eu/wp-content/plugins/revslider/rs-plugin/assets/arrowright.png]
[happy-green-life.eu/wp-content/plugins/revslider/rs-plugin/assets/arrow_left2.png]
[happy-green-life.eu/wp-content/plugins/revslider/rs-plugin/assets/arrow_right2.png]
[happy-green-life.eu/wp-content/plugins/revslider/rs-plugin/assets/timer.png]
[happy-green-life.eu/wp-content/plugins/revslider/rs-plugin/assets/coloredbg.png]
[happy-green-life.eu/wp-content/plugins/revslider/rs-plugin/assets/loader.gif]
[happy-green-life.eu/wp-content/plugins/revslider/rs-plugin/css/settingsc82e.css]
[happy-green-life.eu/wp-content/plugins/revslider/rs-plugin/css/captionsc82e.css]
[happy-green-life.eu/wp-content/themes/thinker/images/backgrounds/pre.jpg]
[happy-green-life.eu/wp-content/themes/thinker/images/backgrounds/ordered_list_bg.png]
[happy-green-life.eu/wp-content/themes/thinker/plugin-fixc82e.css]
[happy-green-life.eu/wp-content/uploads/Bild1.png]
[happy-green-life.eu/de/comments/feed/index.html]
[happy-green-life.eu/willkommen/feed/index.html]
[happy-green-life.eu/de/feed/index.html]
[happy-green-life.eu/wp-content/uploads/Bild14.png]
[happy-green-life.eu/unternehmen/index.html]
[happy-green-life.eu/karriere/index.html]
[happy-green-life.eu/wp-content/uploads/Bild15.png]
[happy-green-life.eu/frische-shop/index.html]
[happy-green-life.eu/willkommen/index.html]
[happy-green-life.eu/pflanzen-und-krauter/index.html]
[happy-green-life.eu/kontakt/index.html]
[happy-green-life.eu/wp-content/uploads/Unternehmen_header.png]
[happy-green-life.eu/company/index.html]
[happy-green-life.eu/tipps-tricks/index.html]
[happy-green-life.eu/bucher/index.html]
[happy-green-life.eu/datenschutz/index.html]
[happy-green-life.eu/about-me/index.html]
[happy-green-life.eu/wp-content/uploads/FreshPartner.png]
[happy-green-life.eu/company/feed/index.html]
[happy-green-life.eu/wp-content/uploads/2014/03/Was-bieten-wir2.png]
[happy-green-life.eu/career/feed/index.html]
[happy-green-life.eu/wp-content/uploads/2014/03/Was-musst-du-mitbringen.png]
[happy-green-life.eu/wp-content/uploads/2014/03/Und-dein-Ergebnis.png]
[happy-green-life.eu/wp-content/uploads/2014/03/Geschwindigkeit.png]
[happy-green-life.eu/cdn-cgi/l/email-protection.html]
[happy-green-life.eu/career/index.html]
[happy-green-life.eu/our-shop/feed/index.html]
[happy-green-life.eu/wp-content/uploads/2014/03/Zitrone.jpg]
[happy-green-life.eu/our-shop/Recycle2]
[happy-green-life.eu/wp-content/uploads/2014/03/Recylce_2_100.png]
[happy-green-life.eu/our-shop/Recycle1]
[happy-green-life.eu/wp-content/uploads/2014/03/Recycle_1_100.png]
[happy-green-life.eu/our-shop/Apotheke]
[happy-green-life.eu/wp-content/uploads/2014/03/Beste-Apotheke.png]
[happy-green-life.eu/our-shop/index.html]
[happy-green-life.eu/blog/feed/index.html]
[happy-green-life.eu/blog/index.html]
[happy-green-life.eu/contact-2/feed/index.html]
[happy-green-life.eu/wp-content/plugins/si-contact-form/captcha/securimage_show1203.png]
[happy-green-life.eu/wp-content/plugins/si-contact-form/captcha/images/refresh.png]
[happy-green-life.eu/wp-includes/js/jquery/ui/core.mine899.js]
[happy-green-life.eu/contact-2/index.html]
[happy-green-life.eu/wp-content/plugins/si-contact-form/includes/fscf-scripts648d.js]
[happy-green-life.eu/wp-content/uploads/Bild21.png]
[happy-green-life.eu/wp-content/uploads/Bild17.png]
[happy-green-life.eu/wp-content/uploads/Bild5.png]
[happy-green-life.eu/wp-content/uploads/Bild11.png]
[happy-green-life.eu/wp-content/uploads/Bild8.png]
[happy-green-life.eu/wp-content/uploads/Bild4.png]
[happy-green-life.eu/wp-content/uploads/Bild6.png]
[happy-green-life.eu/tipps-tricks-en/feed/index.html]
[happy-green-life.eu/wp-content/uploads/Footprints.png]
[happy-green-life.eu/tipps-tricks-en/index.html]
[happy-green-life.eu/books/feed/index.html]
[happy-green-life.eu/books/index.html]
[happy-green-life.eu/disclaimer/feed/index.html]
[happy-green-life.eu/disclaimer/index.html]
[happy-green-life.eu/about-me_en/feed/index.html]
[happy-green-life.eu/about-me_en/index.html]
[happy-green-life.eu/wp-content/plugins/bootstrap-shortcodes/fonts/glyphicons-halflings-regular.svg]
[happy-green-life.eu/wp-content/plugins/bootstrap-shortcodes/images/glyphicons-halflings-white.html]
[happy-green-life.eu/wp-content/plugins/ultra-content-elements/fonts/fontawesome-webfont.svg]
[happy-green-life.eu/wp-content/themes/thinker/fonts/fontawesome-webfont.svg]
[happy-green-life.eu/wp-content/themes/images/pre.html]
[happy-green-life.eu/wp-content/themes/thinker/images/icons/retina/forrst@2x.html]
[happy-green-life.eu/unternehmen/index.html]
[happy-green-life.eu/unternehmen/feed/index.html]
[happy-green-life.eu/karriere/feed/index.html]
[happy-green-life.eu/wp-content/uploads/2014/03/Frische-Partner_500.png]
[happy-green-life.eu/wp-content/uploads/Was-bieten-wir1.png]
[happy-green-life.eu/wp-content/uploads/Green-Smily2_20.png]
[happy-green-life.eu/karriere/index.html]
[happy-green-life.eu/frische-shop/feed/index.html]
[happy-green-life.eu/frische-shop/Recycle2]
[happy-green-life.eu/frische-shop/Recycle1]
[happy-green-life.eu/frische-shop/Apotheke]
[happy-green-life.eu/frische-shop/index.html]
[happy-green-life.eu/pflanzen-und-krauter/feed/index.html]
[happy-green-life.eu/wp-content/uploads/Aloe-Vera-5-313x180.jpg]
[happy-green-life.eu/wp-content/uploads/Ringelblume-313x180.png]
[happy-green-life.eu/pflanzen-und-krauter/index.html]
[happy-green-life.eu/aloe-vera/index.html]
[happy-green-life.eu/de/author/admin/index.html]
[happy-green-life.eu/category/pflanzen-krauter/index.html]
[happy-green-life.eu/ringelblume/index.html]
[happy-green-life.eu/wp-content/plugins/si-contact-form/captcha/securimage_show24bd.png]
[happy-green-life.eu/kontakt/index.html]
[happy-green-life.eu/wp-content/uploads/Bild14.png]
[happy-green-life.eu/indexcc82.html]
[happy-green-life.eu/kontakt/feed/index.html]
[happy-green-life.eu/index470a.html]
[happy-green-life.eu/index8eb0.html]
[happy-green-life.eu/die-chance-ergreifen/index.html]
[happy-green-life.eu/indexca89.html]
[happy-green-life.eu/das-richtige-unternehmen/index.html]
[happy-green-life.eu/markt-erkennen/index.html]
[happy-green-life.eu/handeln-2/index.html]
[happy-green-life.eu/tipps-tricks/index.html]
[happy-green-life.eu/tipps-tricks/feed/index.html]
[happy-green-life.eu/bucher/index.html]
[happy-green-life.eu/bucher/feed/index.html]
[happy-green-life.eu/datenschutz/index.html]
[happy-green-life.eu/datenschutz/feed/index.html]
[happy-green-life.eu/about-me/index.html]
[happy-green-life.eu/indexe6f0.html]
[happy-green-life.eu/index5f87.html]
[happy-green-life.eu/cdn-cgi/styles/cf.errors.css]
[happy-green-life.eu/cdn-cgi/l/email-protection.html]
[happy-green-life.eu/cdn-cgi/scripts/cf.common.js]
[happy-green-life.eu/index8820.html]
[happy-green-life.eu/our-shop/Recycle2.html]
[happy-green-life.eu/our-shop/Recycle1.html]
[happy-green-life.eu/our-shop/Apotheke.html]
[happy-green-life.eu/indexb645.html]
[happy-green-life.eu/indexdb4e.html]
[happy-green-life.eu/about-me/feed/index.html]
[happy-green-life.eu/cdn-cgi/scripts/zepto.min.js]
[happy-green-life.eu/wp-content/uploads/Bild5.png]
[happy-green-life.eu/indexaaca.html]
[happy-green-life.eu/wp-content/uploads/Bild4.png]
[happy-green-life.eu/index4e02.html]
[happy-green-life.eu/index2812.html]
[happy-green-life.eu/index5e3b.html]
[happy-green-life.eu/index31a3.html]
[happy-green-life.eu/index421d.html]
[happy-green-life.eu/indexf488.html]
[happy-green-life.eu/frische-shop/Recycle2.html]
[happy-green-life.eu/frische-shop/Recycle1.html]
[happy-green-life.eu/frische-shop/Apotheke.html]
[happy-green-life.eu/indexc37e.html]
[happy-green-life.eu/aloe-vera/feed/index.html]
[happy-green-life.eu/wp-content/uploads/Aloe-Vera-5-500x300.jpg]
[happy-green-life.eu/aloe-vera/index.html]
[happy-green-life.eu/de/author/admin/index.html]
[happy-green-life.eu/de/author/admin/feed/index.html]
[happy-green-life.eu/category/pflanzen-krauter/index.html]
[happy-green-life.eu/category/pflanzen-krauter/feed/index.html]
[happy-green-life.eu/ringelblume/feed/index.html]
[happy-green-life.eu/wp-content/uploads/Ringelblume-689x300.png]
[happy-green-life.eu/ringelblume/index.html]
[happy-green-life.eu/index1611.html]
[happy-green-life.eu/markt-erkennen/index.html]
[happy-green-life.eu/markt-erkennen/feed/index.html]
[happy-green-life.eu/das-richtige-unternehmen/feed/index.html]
[happy-green-life.eu/wp-content/uploads/richtige_unternehmen_1a.png]
[happy-green-life.eu/wp-content/uploads/Test.png]
[happy-green-life.eu/wp-content/uploads/richtige_unternehmen_3.png]
[happy-green-life.eu/das-richtige-unternehmen/index.html]
[happy-green-life.eu/die-chance-ergreifen/feed/index.html]
[happy-green-life.eu/die-chance-ergreifen/index.html]
[happy-green-life.eu/wp-content/uploads/Arrow1.png]
[happy-green-life.eu/handeln-2/index.html]
[happy-green-life.eu/handeln-2/feed/index.html]
[happy-green-life.eu/index2531.html]
[happy-green-life.eu/index89d2.html]
[happy-green-life.eu/index23a8.html]
[happy-green-life.eu/index7c89.html]
[happy-green-life.eu/cdn-cgi/styles/fonts/opensans-300.eot]
[happy-green-life.eu/cdn-cgi/styles/fonts/opensans-300.woff]
[happy-green-life.eu/cdn-cgi/styles/fonts/opensans-300.ttf]
[happy-green-life.eu/cdn-cgi/styles/fonts/opensans-300.svg]
[happy-green-life.eu/cdn-cgi/styles/fonts/opensans-300d41d.eot]
[happy-green-life.eu/cdn-cgi/styles/fonts/opensans-400.eot]
[happy-green-life.eu/cdn-cgi/styles/fonts/opensans-400.woff]
[happy-green-life.eu/cdn-cgi/styles/fonts/opensans-400.ttf]
[happy-green-life.eu/cdn-cgi/styles/fonts/opensans-400.svg]
[happy-green-life.eu/cdn-cgi/styles/fonts/opensans-400d41d.eot]
[happy-green-life.eu/cdn-cgi/styles/fonts/opensans-600.eot]
[happy-green-life.eu/cdn-cgi/styles/fonts/opensans-600.woff]
[happy-green-life.eu/cdn-cgi/styles/fonts/opensans-600.ttf]
[happy-green-life.eu/cdn-cgi/styles/fonts/opensans-600.svg]
[happy-green-life.eu/cdn-cgi/styles/fonts/opensans-600d41d.eot]
[happy-green-life.eu/cdn-cgi/styles/fonts/opensans-700.eot]
[happy-green-life.eu/cdn-cgi/styles/fonts/opensans-700.woff]
[happy-green-life.eu/cdn-cgi/styles/fonts/opensans-700.ttf]
[happy-green-life.eu/cdn-cgi/styles/fonts/opensans-700.svg]
[happy-green-life.eu/cdn-cgi/styles/fonts/opensans-700d41d.eot]
[happy-green-life.eu/cdn-cgi/styles/fonts/opensans-300i.eot]
[happy-green-life.eu/cdn-cgi/styles/fonts/opensans-300i.ttf]
[happy-green-life.eu/cdn-cgi/styles/fonts/opensans-300i.woff]
[happy-green-life.eu/cdn-cgi/styles/fonts/opensans-300i.svg]
[happy-green-life.eu/cdn-cgi/styles/fonts/opensans-300id41d.eot]
[happy-green-life.eu/cdn-cgi/styles/fonts/opensans-400i.ttf]
[happy-green-life.eu/cdn-cgi/styles/fonts/opensans-400i.woff]
[happy-green-life.eu/cdn-cgi/styles/fonts/opensans-400i.svg]
[happy-green-life.eu/cdn-cgi/styles/fonts/opensans-400i.eot]
[happy-green-life.eu/cdn-cgi/images/error_icons.png]
[happy-green-life.eu/cdn-cgi/images/icon-exclamation111f.png]
[happy-green-life.eu/cdn-cgi/images/browser-bar111f.png]
[happy-green-life.eu/cdn-cgi/styles/cf.errors.css]
[happy-green-life.eu/index8f57.html]
[happy-green-life.eu/index6fdb.html]
[happy-green-life.eu/happygreenlife/willkommen/index.html]
[happy-green-life.eu/happygreenlife/das-richtige-unternehmen/index.html]
[happy-green-life.eu/happygreenlife/unternehmen/index.html]
[happy-green-life.eu/happygreenlife/markt-erkennen/index.html]
[happy-green-life.eu/happygreenlife/die-chance-ergreifen/index.html]
[happy-green-life.eu/happygreenlife/handeln-2/index.html]
[happy-green-life.eu/happygreenlife/kontakt/index.html]
[happy-green-life.eu/cdn-cgi/styles/fonts/opensans-300.svg]
[happy-green-life.eu/cdn-cgi/styles/fonts/opensans-400.svg]
[happy-green-life.eu/cdn-cgi/styles/fonts/opensans-600.svg]
[happy-green-life.eu/cdn-cgi/styles/fonts/opensans-700.svg]
[happy-green-life.eu/cdn-cgi/styles/fonts/opensans-300i.svg]
[happy-green-life.eu/cdn-cgi/styles/fonts/opensans-400id41d.eot]
[happy-green-life.eu/cdn-cgi/styles/fonts/opensans-400i.svg]
